[Tue Sep 22 12:44:55 2015] -e: MenuFramework::Admin::farm360aHO6oZYzp%2FB6VoMvcsaOSoz%2B7zZmjwnqqpjXBhaySE2q4SzIbLtPcBxfYXxjyEfT5MDE1LTA1LTE4%0A
[Tue Sep 22 12:44:55 2015] -e: 
[Tue Sep 22 12:44:55 2015] -e: MenuFramework::Admin::farm360ahttps://www.perceptyx.com/farm360a/index.cgi?rm=login&mcrypt=HO6oZYzp%2FB6VoMvcsaOSoz%2B7zZmjwnqqpjXBhaySE2q4SzIbLtPcBxfYXxjyEfT5MDE1LTA1LTE4%0A
[Tue Sep 22 12:44:55 2015] -e: 
[Tue Sep 22 12:44:55 2015] -e: MenuFramework::Admin::farm360a2015-07-06
Mcrypt: running block mode and your input is not a valid length.
[Tue Sep 22 12:44:55 2015] -e: MenuFramework::Admin::farm360aHO6oZYzp%2FB6VoMvcsaOSoz%2B7zZmjwnqqpjXBhaySE2q4SzIbLtPcBxfYXxjyEfT5MDE1LTA3LTA2%0A
[Tue Sep 22 12:44:55 2015] -e: 
[Tue Sep 22 12:44:55 2015] -e: MenuFramework::Admin::farm360ahttps://www.perceptyx.com/farm360a/index.cgi?rm=login&mcrypt=HO6oZYzp%2FB6VoMvcsaOSoz%2B7zZmjwnqqpjXBhaySE2q4SzIbLtPcBxfYXxjyEfT5MDE1LTA3LTA2%0A
[Tue Sep 22 12:44:55 2015] -e: 
[Tue Sep 22 12:48:13 2015] -e: farm360a: anonymous access denied: rm=login;mcrypt=HO6oZYzp%2FB6VoMvcsaOSoz%2B7zZmjwnqqpjXBhaySE2q4SzIbLtPcBxfYXxjyEfT5MDE1LTA3LTA2%0A
Mcrypt: running block mode and your input is not a valid length.
[Tue Sep 22 12:48:32 2015] -e: got lock `farm360a:lock:/mass_report_wave360_generator`
[Tue Sep 22 12:48:32 2015] -e: unlock `farm360a:lock:/mass_report_wave360_generator`
[Tue Sep 22 12:49:35 2015] -e: CGI::param called in list context from /usr/local/www/perceptyx/perl/MenuFramework.pm line 5448, this can lead to vulnerabilities. See the warning in "Fetching the value or values of a single named parameter" at /usr/local/lib/perl5/site_perl/CGI.pm line 404.
[Tue Sep 22 12:49:36 2015] [error] DBI connect('newslides:localhost','root',...) failed: Unknown database 'newslides' at /usr/local/www/perceptyx/perl/MenuFramework.pm line 2308.\n
[Tue Sep 22 13:07:14 2015] [notice] caught SIGTERM, shutting down
[Tue Sep 22 13:07:14 2015] [warn] Init: Session Cache is not configured [hint: SSLSessionCache]
[Tue Sep 22 13:07:15 2015] [warn] module perl_module is already loaded, skipping
[Tue Sep 22 13:07:15 2015] [notice] Digest: generating secret for digest authentication ...
[Tue Sep 22 13:07:15 2015] [notice] Digest: done
[Tue Sep 22 13:07:16 2015] [notice] Apache/2.2.31 (FreeBSD) mod_ssl/2.2.31 OpenSSL/1.0.1l-freebsd DAV/2 mod_perl/2.0.8 Perl/v5.18.4 configured -- resuming normal operations
[Tue Sep 22 13:08:35 2015] -e: Use of uninitialized value $app_id in sprintf at /usr/local/www/perceptyx/perl/MenuFramework/TrendReport.pm line 2485, <GEN4> line 1.
[Tue Sep 22 13:09:17 2015] [error] [Tue Sep 22 13:09:17 2015] -e: Error executing run mode '100', survey 'nbces58': DBD::mysql::st execute failed: Unknown column '09_16' in 'field list' [for Statement "SELECT client_id, 09_16, 09_17, 09_18 FROM all_data  ORDER BY client_id "] at /usr/local/www/perceptyx/perl/MenuFramework.pm line 5028, <GEN4> line 1.\n[Tue Sep 22 13:09:17 2015] -e:  at /usr/local/www/perceptyx/perl/MenuFramework.pm line 5031, <GEN4> line 1.\n[Tue Sep 22 13:09:17 2015] -e: \tMenuFramework::_sql_select('MenuFramework::Admin::nbces58=HASH(0x824a138e8)', 'SELECT client_id, 09_16, 09_17, 09_18 FROM all_data  ORDER BY...') called at /usr/local/www/perceptyx/perl/MenuFramework/ViewComments.pm line 321\n[Tue Sep 22 13:09:17 2015] -e: \tMenuFramework::ViewComments::search_comments('MenuFramework::ViewComments=HASH(0x82a282258)', undef, 'ARRAY(0x81abfec78)') called at /usr/local/www/perceptyx/perl/MenuFramework/ViewComments.pm line 1169\n[Tue Sep 22 13:09:17 2015] -e: \tMenuFramework::ViewComments::get_word_combinations('MenuFramework::ViewComments=HASH(0x82a282258)', undef, undef, 'ARRAY(0x824a06108)') called at /usr/local/www/perceptyx/perl/MenuFramework/ViewComments.pm line 1768\n[Tue Sep 22 13:09:17 2015] -e: \tMenuFramework::ViewComments::get_wordcloud('MenuFramework::ViewComments=HASH(0x82a282258)', 1, 'ARRAY(0x824a06108)', 3, 20) called at /usr/local/www/perceptyx/perl/MenuFramework/Admin/nbces58.pm line 897\n[Tue Sep 22 13:09:17 2015] -e: \tMenuFramework::Admin::nbces58::CustomSlides::questions_slide('MenuFramework::Admin::nbces58::CustomSlides=HASH(0x8257cfe40)', 'HASH(0x8257c00a8)') called at /usr/local/www/perceptyx/perl/MenuFramework/Admin/nbces58.pm line 161\n[Tue Sep 22 13:09:17 2015] -e: \tMenuFramework::Admin::nbces58::CustomSlides::__ANON__('HASH(0x8257c00a8)') called at /usr/local/www/perceptyx/perl/MenuFramework/CustomSlides.pm line 2821\n[Tue Sep 22 13:09:17 2015] -e: \tMenuFramework::CustomSlides::get_slide_instance('MenuFramework::Admin::nbces58::CustomSlides=HASH(0x8257cfe40)', 'HASH(0x8257c00a8)') called at /usr/local/www/perceptyx/perl/MenuFramework/CustomSlides.pm line 2798\n[Tue Sep 22 13:09:17 2015] -e: \tMenuFramework::CustomSlides::fill_slide_instances('MenuFramework::Admin::nbces58::CustomSlides=HASH(0x8257cfe40)', 'HASH(0x8256ca870)', 'HASH(0x80f236780)') called at /usr/local/www/perceptyx/perl/MenuFramework/Admin/nbces58.pm line 78\n[Tue Sep 22 13:09:17 2015] -e: \tMenuFramework::Admin::nbces58::CustomSlides::fill_slide_instances('MenuFramework::Admin::nbces58::CustomSlides=HASH(0x8257cfe40)', 'HASH(0x8256ca870)', 'HASH(0x80f236780)') called at /usr/local/www/perceptyx/perl/MenuFramework/CustomSlides.pm line 3045\n[Tue Sep 22 13:09:17 2015] -e: \tMenuFramework::CustomSlides::get_slides_content('MenuFramework::Admin::nbces58::CustomSlides=HASH(0x8257cfe40)', 'MenuFramework::Admin::nbces58=HASH(0x824a138e8)', undef, 0, 'DEFAULT') called at /usr/local/www/perceptyx/perl/MenuFramework/CustomSlides.pm line 2932\n[Tue Sep 22 13:09:17 2015] -e: \tMenuFramework::CustomSlides::render_slides_pdf('MenuFramework::Admin::nbces58::CustomSlides=HASH(0x8257cfe40)') called at /usr/local/www/perceptyx/perl/MenuFramework/SlidesGuides.pm line 356\n[Tue Sep 22 13:09:17 2015] -e: \tMenuFramework::SlidesGuides::render_slides_pdf('MenuFramework::Admin::nbces58=HASH(0x824a138e8)') called at /usr/local/www/perceptyx/perl/MenuFramework/SlidesGuides.pm line 348\n[Tue Sep 22 13:09:17 2015] -e: \tMenuFramework::SlidesGuides::new_slides_and_guides('MenuFramework::Admin::nbces58=HASH(0x824a138e8)') called at /usr/local/www/perceptyx/perl/MenuFramework/SlidesGuides.pm line 303\n[Tue Sep 22 13:09:17 2015] -e: \tMenuFramework::SlidesGuides::slides_and_guides('MenuFramework::Admin::nbces58=HASH(0x824a138e8)') called at /usr/local/www/perceptyx/perl/MenuFramework/Report.pm line 19717\n[Tue Sep 22 13:09:17 2015] -e: \tMenuFramework::Report::display_a_pdf_report('MenuFramework::Admin::nbces58=HASH(0x824a138e8)') called at /usr/local/lib/perl5/site_perl/5.18/CGI/Application.pm line 143\n[Tue Sep 22 13:09:17 2015] -e: \teval {...} called at /usr/local/lib/perl5/site_perl/5.18/CGI/Application.pm line 142\n[Tue Sep 22 13:09:17 2015] -e: \tCGI::Application::__get_body('MenuFramework::Admin::nbces58=HASH(0x824a138e8)', 100) called at /usr/local/lib/perl5/site_perl/5.18/CGI/Application.pm line 191\n[Tue Sep 22 13:09:17 2015] -e: \tCGI::Application::run('MenuFramework::Admin::nbces58=HASH(0x824a138e8)') called at /usr/local/www/perceptyx/data/nbces58/index.cgi line 21\n[Tue Sep 22 13:09:17 2015] -e: \tModPerl::ROOT::ModPerl::Registry::usr_local_www_perceptyx_data_nbces58_index_2ecgi::handler('Apache2::RequestRec=SCALAR(0x82487f570)') called at /usr/local/lib/perl5/site_perl/mach/5.18/ModPerl/RegistryCooker.pm line 206\n[Tue Sep 22 13:09:17 2015] -e: \teval {...} called at /usr/local/lib/perl5/site_perl/mach/5.18/ModPerl/RegistryCooker.pm line 206\n[Tue Sep 22 13:09:17 2015] -e: \tModPerl::RegistryCooker::run('ModPerl::Registry=HASH(0x82484a540)') called at /usr/local/lib/perl5/site_perl/mach/5.18/ModPerl/RegistryCooker.pm line 172\n[Tue Sep 22 13:09:17 2015] -e: \tModPerl::RegistryCooker::default_handler('ModPerl::Registry=HASH(0x82484a540)') called at /usr/local/lib/perl5/site_perl/mach/5.18/ModPerl/Registry.pm line 31\n[Tue Sep 22 13:09:17 2015] -e: \tModPerl::Registry::handler('ModPerl::Registry', 'Apache2::RequestRec=SCALAR(0x82487f570)') called at -e line 0\n[Tue Sep 22 13:09:17 2015] -e: \teval {...} called at -e line 0\n[Tue Sep 22 13:09:17 2015] -e:  at /usr/local/www/perceptyx/perl/MenuFramework.pm line 356.\n
[Tue Sep 22 13:36:51 2015] [notice] caught SIGTERM, shutting down
[Tue Sep 22 13:36:51 2015] [warn] Init: Session Cache is not configured [hint: SSLSessionCache]
[Tue Sep 22 13:36:52 2015] [warn] module perl_module is already loaded, skipping
[Tue Sep 22 13:36:52 2015] [notice] Digest: generating secret for digest authentication ...
[Tue Sep 22 13:36:52 2015] [notice] Digest: done
[Tue Sep 22 13:36:53 2015] [notice] Apache/2.2.31 (FreeBSD) mod_ssl/2.2.31 OpenSSL/1.0.1l-freebsd DAV/2 mod_perl/2.0.8 Perl/v5.18.4 configured -- resuming normal operations
[Tue Sep 22 13:42:01 2015] [error] DBI connect('baxes75:localhost','root',...) failed: Unknown database 'baxes75' at /usr/local/www/perceptyx/perl/MenuFramework.pm line 2308.\n
[Tue Sep 22 13:44:00 2015] nves58.pm: Smartmatch is experimental at /usr/local/www/perceptyx/perl/MenuFramework/Admin/nves58.pm line 1172.
[Tue Sep 22 13:44:00 2015] nves58.pm: Smartmatch is experimental at /usr/local/www/perceptyx/perl/MenuFramework/Admin/nves58.pm line 1503.
[Tue Sep 22 13:44:00 2015] nves58.pm: Smartmatch is experimental at /usr/local/www/perceptyx/perl/MenuFramework/Admin/nves58.pm line 1755.
[Tue Sep 22 13:44:25 2015] [error] [Tue Sep 22 13:44:25 2015] -e: Error executing run mode '87', survey 'nves58': DBD::mysql::st execute failed: Table 'nves58.trend_data' doesn't exist [for Statement "SELECT id, score FROM trend_data WHERE username = ? AND type = ?" with ParamValues: 0='mukesh', 1='hir'] at /usr/local/www/perceptyx/perl/MenuFramework.pm line 5028, <GEN45> line 1.\n[Tue Sep 22 13:44:25 2015] -e:  at /usr/local/www/perceptyx/perl/MenuFramework.pm line 5031, <GEN45> line 1.\n[Tue Sep 22 13:44:25 2015] -e: \tMenuFramework::_sql_select('MenuFramework::Admin::nves58=HASH(0x8253ff8e8)', 'SELECT id, score FROM trend_data WHERE username = ? AND type = ?', 'mukesh', 'hir') called at /usr/local/www/perceptyx/perl/MenuFramework/Admin/nves58.pm line 1910\n[Tue Sep 22 13:44:25 2015] -e: \tMenuFramework::Admin::nves58::CustomSlides::make_trend_data('MenuFramework::Admin::nves58=HASH(0x8253ff8e8)', 'mukesh', 'hir') called at /usr/local/www/perceptyx/perl/MenuFramework/Admin/nves58.pm line 1189\n[Tue Sep 22 13:44:25 2015] -e: \tMenuFramework::Admin::nves58::CustomSlides::trends_slide('MenuFramework::Admin::nves58::CustomSlides=HASH(0x82542e7e0)', 'HASH(0x824cce348)') called at /usr/local/www/perceptyx/perl/MenuFramework/Admin/nves58.pm line 735\n[Tue Sep 22 13:44:25 2015] -e: \tMenuFramework::Admin::nves58::CustomSlides::__ANON__('HASH(0x824cce348)') called at /usr/local/www/perceptyx/perl/MenuFramework/CustomSlides.pm line 2821\n[Tue Sep 22 13:44:25 2015] -e: \tMenuFramework::CustomSlides::get_slide_instance('MenuFramework::Admin::nves58::CustomSlides=HASH(0x82542e7e0)', 'HASH(0x824cce348)') called at /usr/local/www/perceptyx/perl/MenuFramework/CustomSlides.pm line 2798\n[Tue Sep 22 13:44:25 2015] -e: \tMenuFramework::CustomSlides::fill_slide_instances('MenuFramework::Admin::nves58::CustomSlides=HASH(0x82542e7e0)', 'HASH(0x8250494c8)', 'HASH(0x8254a7060)') called at /usr/local/www/perceptyx/perl/MenuFramework/CustomSlides.pm line 3045\n[Tue Sep 22 13:44:25 2015] -e: \tMenuFramework::CustomSlides::get_slides_content('MenuFramework::Admin::nves58::CustomSlides=HASH(0x82542e7e0)', 'MenuFramework::Admin::nves58=HASH(0x8253ff8e8)', undef, 0, 'DEFAULT') called at /usr/local/www/perceptyx/perl/MenuFramework/Admin/nves58.pm line 656\n[Tue Sep 22 13:44:25 2015] -e: \tMenuFramework::Admin::nves58::CustomSlides::get_slides_content('MenuFramework::Admin::nves58::CustomSlides=HASH(0x82542e7e0)', 'MenuFramework::Admin::nves58=HASH(0x8253ff8e8)', undef, 0, 'DEFAULT') called at /usr/local/www/perceptyx/perl/MenuFramework/CustomSlides.pm line 2932\n[Tue Sep 22 13:44:25 2015] -e: \tMenuFramework::CustomSlides::render_slides_pdf('MenuFramework::Admin::nves58::CustomSlides=HASH(0x82542e7e0)') called at /usr/local/www/perceptyx/perl/MenuFramework/SlidesGuides.pm line 356\n[Tue Sep 22 13:44:25 2015] -e: \tMenuFramework::SlidesGuides::render_slides_pdf('MenuFramework::Admin::nves58=HASH(0x8253ff8e8)') called at /usr/local/www/perceptyx/perl/MenuFramework/SlidesGuides.pm line 348\n[Tue Sep 22 13:44:25 2015] -e: \tMenuFramework::SlidesGuides::new_slides_and_guides('MenuFramework::Admin::nves58=HASH(0x8253ff8e8)') called at /usr/local/www/perceptyx/perl/MenuFramework/SlidesGuides.pm line 303\n[Tue Sep 22 13:44:25 2015] -e: \tMenuFramework::SlidesGuides::slides_and_guides('MenuFramework::Admin::nves58=HASH(0x8253ff8e8)') called at /usr/local/www/perceptyx/perl/MenuFramework/Admin/nves58.pm line 242\n[Tue Sep 22 13:44:25 2015] -e: \tMenuFramework::Admin::nves58::slides_and_guides('MenuFramework::Admin::nves58=HASH(0x8253ff8e8)') called at /usr/local/lib/perl5/site_perl/5.18/CGI/Application.pm line 143\n[Tue Sep 22 13:44:25 2015] -e: \teval {...} called at /usr/local/lib/perl5/site_perl/5.18/CGI/Application.pm line 142\n[Tue Sep 22 13:44:25 2015] -e: \tCGI::Application::__get_body('MenuFramework::Admin::nves58=HASH(0x8253ff8e8)', 87) called at /usr/local/lib/perl5/site_perl/5.18/CGI/Application.pm line 191\n[Tue Sep 22 13:44:25 2015] -e: \tCGI::Application::run('MenuFramework::Admin::nves58=HASH(0x8253ff8e8)') called at /usr/local/www/perceptyx/data/nves58/index.cgi line 21\n[Tue Sep 22 13:44:25 2015] -e: \tModPerl::ROOT::ModPerl::Registry::usr_local_www_perceptyx_data_nves58_index_2ecgi::handler('Apache2::RequestRec=SCALAR(0x824d5e8e8)') called at /usr/local/lib/perl5/site_perl/mach/5.18/ModPerl/RegistryCooker.pm line 206\n[Tue Sep 22 13:44:25 2015] -e: \teval {...} called at /usr/local/lib/perl5/site_perl/mach/5.18/ModPerl/RegistryCooker.pm line 206\n[Tue Sep 22 13:44:25 2015] -e: \tModPerl::RegistryCooker::run('ModPerl::Registry=HASH(0x824ca7fc0)') called at /usr/local/lib/perl5/site_perl/mach/5.18/ModPerl/RegistryCooker.pm line 172\n[Tue Sep 22 13:44:25 2015] -e: \tModPerl::RegistryCooker::default_handler('ModPerl::Registry=HASH(0x824ca7fc0)') called at /usr/local/lib/perl5/site_perl/mach/5.18/ModPerl/Registry.pm line 31\n[Tue Sep 22 13:44:25 2015] -e: \tModPerl::Registry::handler('ModPerl::Registry', 'Apache2::RequestRec=SCALAR(0x824d5e8e8)') called at -e line 0\n[Tue Sep 22 13:44:25 2015] -e: \teval {...} called at -e line 0\n[Tue Sep 22 13:44:25 2015] -e:  at /usr/local/www/perceptyx/perl/MenuFramework.pm line 356.\n
[Tue Sep 22 13:53:48 2015] -e: Use of uninitialized value $app_id in sprintf at /usr/local/www/perceptyx/perl/MenuFramework/TrendReport.pm line 2485, <GEN99> line 1.
[Tue Sep 22 13:53:51 2015] -e: CGI::param called in list context from /usr/local/www/perceptyx/perl/MenuFramework.pm line 5448, this can lead to vulnerabilities. See the warning in "Fetching the value or values of a single named parameter" at /usr/local/lib/perl5/site_perl/CGI.pm line 404.
[Tue Sep 22 13:58:32 2015] [notice] caught SIGTERM, shutting down
[Tue Sep 22 13:58:33 2015] [warn] Init: Session Cache is not configured [hint: SSLSessionCache]
[Tue Sep 22 13:58:34 2015] [warn] module perl_module is already loaded, skipping
[Tue Sep 22 13:58:34 2015] [notice] Digest: generating secret for digest authentication ...
[Tue Sep 22 13:58:34 2015] [notice] Digest: done
[Tue Sep 22 13:58:35 2015] [notice] Apache/2.2.31 (FreeBSD) mod_ssl/2.2.31 OpenSSL/1.0.1l-freebsd DAV/2 mod_perl/2.0.8 Perl/v5.18.4 configured -- resuming normal operations
[Tue Sep 22 13:58:58 2015] -e: Use of uninitialized value $app_id in sprintf at /usr/local/www/perceptyx/perl/MenuFramework/TrendReport.pm line 2485, <GEN0> line 1.
[Tue Sep 22 13:59:01 2015] -e: CGI::param called in list context from /usr/local/www/perceptyx/perl/MenuFramework.pm line 5448, this can lead to vulnerabilities. See the warning in "Fetching the value or values of a single named parameter" at /usr/local/lib/perl5/site_perl/CGI.pm line 404.
[Tue Sep 22 14:01:16 2015] -e: CGI::param called in list context from /usr/local/www/perceptyx/perl/MenuFramework.pm line 5448, this can lead to vulnerabilities. See the warning in "Fetching the value or values of a single named parameter" at /usr/local/lib/perl5/site_perl/CGI.pm line 404, <GEN16> line 1.
[Tue Sep 22 14:01:26 2015] -e: CGI::param called in list context from /usr/local/www/perceptyx/perl/MenuFramework.pm line 5448, this can lead to vulnerabilities. See the warning in "Fetching the value or values of a single named parameter" at /usr/local/lib/perl5/site_perl/CGI.pm line 404, <GEN18> line 1.
[Tue Sep 22 14:01:42 2015] [error] DBI connect('baxes5a:localhost','root',...) failed: Unknown database 'baxes5a' at /usr/local/www/perceptyx/perl/MenuFramework.pm line 2308.\n
[Tue Sep 22 14:02:28 2015] -e: MenuFramework::DSH::TranslateThis: /tmp/perceptyx_translate_this.baxes75.1442875740.2.db not found
[Tue Sep 22 14:02:28 2015] -e: MenuFramework::DSH::TranslateThis: opening /tmp/perceptyx_translate_this.baxes75.1442875740.2.db
[Tue Sep 22 14:02:28 2015] -e: MenuFramework::DSH::TranslateThis: opening /tmp/lP_Hbis_TB.db
[Tue Sep 22 14:02:28 2015] -e: MenuFramework::DSH::TranslateThis: created temporary db /tmp/lP_Hbis_TB.db
[Tue Sep 22 14:02:30 2015] -e: MenuFramework::DSH::TranslateThis: found /tmp/perceptyx_translate_this.baxes75.1442875740.2.db, opening
[Tue Sep 22 14:02:32 2015] [error] DBI connect('baxes5a:localhost','root',...) failed: Unknown database 'baxes5a' at /usr/local/www/perceptyx/perl/MenuFramework.pm line 2308.\n
[Tue Sep 22 14:02:36 2015] -e: MenuFramework::DSH::TranslateThis: found /tmp/perceptyx_translate_this.baxes75.1442875740.2.db, opening
[Tue Sep 22 14:02:44 2015] -e: MenuFramework::DSH::TranslateThis: found /tmp/perceptyx_translate_this.baxes75.1442875740.2.db, opening
